semantic error: Unsupported type annotation: float
 --> tests/errors/test_float_semantic_error.py:4:9
  |
4 |     pi: float = 3.14
  |         ^^^^^ 
