(TranslationUnit
    (SymbolTable
        1
        {
            __main__:
                (Module
                    (SymbolTable
                        2
                        {
                            __main__global_stmts:
                                (Function
                                    (SymbolTable
                                        211
                                        {
                                            
                                        })
                                    __main__global_stmts
                                    (FunctionType
                                        []
                                        ()
                                        Source
                                        Implementation
                                        ()
                                        .false.
                                        .false.
                                        .false.
                                        .false.
                                        .false.
                                        []
                                        .false.
                                    )
                                    [loop_vec]
                                    []
                                    [(SubroutineCall
                                        2 loop_vec
                                        ()
                                        []
                                        ()
                                    )]
                                    ()
                                    Public
                                    .false.
                                    .false.
                                    ()
                                ),
                            loop_vec:
                                (Function
                                    (SymbolTable
                                        201
                                        {
                                            a:
                                                (Variable
                                                    201
                                                    a
                                                    []
                                                    Local
                                                    ()
                                                    ()
                                                    Default
                                                    (Array
                                                        (Real 8)
                                                        [((IntegerConstant 0 (Integer 4))
                                                        (IntegerConstant 9216 (Integer 4)))]
                                                        FixedSizeArray
                                                    )
                                                    ()
                                                    Source
                                                    Public
                                                    Required
                                                    .false.
                                                ),
                                            b:
                                                (Variable
                                                    201
                                                    b
                                                    []
                                                    Local
                                                    ()
                                                    ()
                                                    Default
                                                    (Array
                                                        (Real 8)
                                                        [((IntegerConstant 0 (Integer 4))
                                                        (IntegerConstant 9216 (Integer 4)))]
                                                        FixedSizeArray
                                                    )
                                                    ()
                                                    Source
                                                    Public
                                                    Required
                                                    .false.
                                                ),
                                            i:
                                                (Variable
                                                    201
                                                    i
                                                    []
                                                    Local
                                                    ()
                                                    ()
                                                    Default
                                                    (Integer 4)
                                                    ()
                                                    Source
                                                    Public
                                                    Required
                                                    .false.
                                                ),
                                            vector_copy_f64[9216]f64[9216]i32@IntrinsicOptimization:
                                                (Function
                                                    (SymbolTable
                                                        207
                                                        {
                                                            __1_k:
                                                                (Variable
                                                                    207
                                                                    __1_k
                                                                    []
                                                                    Local
                                                                    ()
                                                                    ()
                                                                    Default
                                                                    (Integer 4)
                                                                    ()
                                                                    Source
                                                                    Public
                                                                    Required
                                                                    .false.
                                                                ),
                                                            arg0:
                                                                (Variable
                                                                    207
                                                                    arg0
                                                                    []
                                                                    In
                                                                    ()
                                                                    ()
                                                                    Default
                                                                    (Array
                                                                        (Real 8)
                                                                        [((IntegerConstant 0 (Integer 4))
                                                                        (IntegerConstant 9216 (Integer 4)))]
                                                                        FixedSizeArray
                                                                    )
                                                                    ()
                                                                    Source
                                                                    Public
                                                                    Required
                                                                    .false.
                                                                ),
                                                            arg1:
                                                                (Variable
                                                                    207
                                                                    arg1
                                                                    []
                                                                    In
                                                                    ()
                                                                    ()
                                                                    Default
                                                                    (Array
                                                                        (Real 8)
                                                                        [((IntegerConstant 0 (Integer 4))
                                                                        (IntegerConstant 9216 (Integer 4)))]
                                                                        FixedSizeArray
                                                                    )
                                                                    ()
                                                                    Source
                                                                    Public
                                                                    Required
                                                                    .false.
                                                                ),
                                                            arg2:
                                                                (Variable
                                                                    207
                                                                    arg2
                                                                    []
                                                                    In
                                                                    ()
                                                                    ()
                                                                    Default
                                                                    (Integer 4)
                                                                    ()
                                                                    Source
                                                                    Public
                                                                    Required
                                                                    .false.
                                                                ),
                                                            arg3:
                                                                (Variable
                                                                    207
                                                                    arg3
                                                                    []
                                                                    In
                                                                    ()
                                                                    ()
                                                                    Default
                                                                    (Integer 4)
                                                                    ()
                                                                    Source
                                                                    Public
                                                                    Required
                                                                    .false.
                                                                ),
                                                            arg4:
                                                                (Variable
                                                                    207
                                                                    arg4
                                                                    []
                                                                    In
                                                                    ()
                                                                    ()
                                                                    Default
                                                                    (Integer 4)
                                                                    ()
                                                                    Source
                                                                    Public
                                                                    Required
                                                                    .false.
                                                                ),
                                                            arg5:
                                                                (Variable
                                                                    207
                                                                    arg5
                                                                    []
                                                                    In
                                                                    ()
                                                                    ()
                                                                    Default
                                                                    (Integer 4)
                                                                    ()
                                                                    Source
                                                                    Public
                                                                    Required
                                                                    .false.
                                                                )
                                                        })
                                                    vector_copy_f64[9216]f64[9216]i32@IntrinsicOptimization
                                                    (FunctionType
                                                        [(Array
                                                            (Real 8)
                                                            [((IntegerConstant 0 (Integer 4))
                                                            (IntegerConstant 9216 (Integer 4)))]
                                                            FixedSizeArray
                                                        )
                                                        (Array
                                                            (Real 8)
                                                            [((IntegerConstant 0 (Integer 4))
                                                            (IntegerConstant 9216 (Integer 4)))]
                                                            FixedSizeArray
                                                        )
                                                        (Integer 4)
                                                        (Integer 4)
                                                        (Integer 4)
                                                        (Integer 4)]
                                                        ()
                                                        Source
                                                        Implementation
                                                        ()
                                                        .false.
                                                        .false.
                                                        .false.
                                                        .false.
                                                        .false.
                                                        []
                                                        .false.
                                                    )
                                                    []
                                                    [(Var 207 arg0)
                                                    (Var 207 arg1)
                                                    (Var 207 arg2)
                                                    (Var 207 arg3)
                                                    (Var 207 arg4)
                                                    (Var 207 arg5)]
                                                    [(=
                                                        (Var 209 __1_k)
                                                        (IntegerBinOp
                                                            (Var 209 arg2)
                                                            Sub
                                                            (Var 207 arg4)
                                                            (Integer 4)
                                                            ()
                                                        )
                                                        ()
                                                    )
                                                    (WhileLoop
                                                        ()
                                                        (IntegerCompare
                                                            (IntegerBinOp
                                                                (Var 207 __1_k)
                                                                Add
                                                                (Var 207 arg4)
                                                                (Integer 4)
                                                                ()
                                                            )
                                                            Lt
                                                            (Var 207 arg3)
                                                            (Logical 4)
                                                            ()
                                                        )
                                                        [(=
                                                            (Var 207 __1_k)
                                                            (IntegerBinOp
                                                                (Var 209 __1_k)
                                                                Add
                                                                (Var 207 arg4)
                                                                (Integer 4)
                                                                ()
                                                            )
                                                            ()
                                                        )
                                                        (=
                                                            (ArrayItem
                                                                (Var 207 arg0)
                                                                [(()
                                                                (Var 207 __1_k)
                                                                ())]
                                                                (Real 8)
                                                                RowMajor
                                                                ()
                                                            )
                                                            (ArrayItem
                                                                (Var 207 arg1)
                                                                [(()
                                                                (Var 207 __1_k)
                                                                ())]
                                                                (Real 8)
                                                                RowMajor
                                                                ()
                                                            )
                                                            ()
                                                        )]
                                                    )]
                                                    ()
                                                    Public
                                                    .false.
                                                    .false.
                                                    ()
                                                )
                                        })
                                    loop_vec
                                    (FunctionType
                                        []
                                        ()
                                        Source
                                        Implementation
                                        ()
                                        .false.
                                        .false.
                                        .false.
                                        .false.
                                        .false.
                                        []
                                        .false.
                                    )
                                    [vector_copy_f64[9216]f64[9216]i32@IntrinsicOptimization]
                                    []
                                    [(=
                                        (Var 201 a)
                                        (ArrayConstant
                                            []
                                            (Array
                                                (Real 8)
                                                [((IntegerConstant 0 (Integer 4))
                                                (IntegerConstant 9216 (Integer 4)))]
                                                FixedSizeArray
                                            )
                                            RowMajor
                                        )
                                        ()
                                    )
                                    (=
                                        (Var 201 b)
                                        (ArrayConstant
                                            []
                                            (Array
                                                (Real 8)
                                                [((IntegerConstant 0 (Integer 4))
                                                (IntegerConstant 9216 (Integer 4)))]
                                                FixedSizeArray
                                            )
                                            RowMajor
                                        )
                                        ()
                                    )
                                    (DoLoop
                                        ()
                                        ((Var 201 i)
                                        (IntegerConstant 0 (Integer 4))
                                        (IntegerBinOp
                                            (IntegerConstant 9216 (Integer 4))
                                            Sub
                                            (IntegerConstant 1 (Integer 4))
                                            (Integer 4)
                                            (IntegerConstant 9215 (Integer 4))
                                        )
                                        (IntegerConstant 1 (Integer 4)))
                                        [(=
                                            (ArrayItem
                                                (Var 201 b)
                                                [(()
                                                (Var 201 i)
                                                ())]
                                                (Real 8)
                                                RowMajor
                                                ()
                                            )
                                            (RealConstant
                                                5.000000
                                                (Real 8)
                                            )
                                            ()
                                        )]
                                    )
                                    (DoLoop
                                        ()
                                        ((Var 201 i)
                                        (IntegerConstant 0 (Integer 4))
                                        (IntegerConstant 1151 (Integer 4))
                                        (IntegerConstant 1 (Integer 4)))
                                        [(SubroutineCall
                                            201 vector_copy_f64[9216]f64[9216]i32@IntrinsicOptimization
                                            ()
                                            [((Var 203 a))
                                            ((Var 203 b))
                                            ((IntegerBinOp
                                                (Var 201 i)
                                                Mul
                                                (IntegerConstant 8 (Integer 4))
                                                (Integer 4)
                                                ()
                                            ))
                                            ((IntegerBinOp
                                                (IntegerBinOp
                                                    (Var 201 i)
                                                    Add
                                                    (IntegerConstant 1 (Integer 4))
                                                    (Integer 4)
                                                    ()
                                                )
                                                Mul
                                                (IntegerConstant 8 (Integer 4))
                                                (Integer 4)
                                                ()
                                            ))
                                            ((IntegerConstant 1 (Integer 4)))
                                            ((IntegerConstant 8 (Integer 4)))]
                                            ()
                                        )]
                                    )
                                    (DoLoop
                                        ()
                                        ((Var 201 i)
                                        (IntegerConstant 0 (Integer 4))
                                        (IntegerBinOp
                                            (IntegerConstant 9216 (Integer 4))
                                            Sub
                                            (IntegerConstant 1 (Integer 4))
                                            (Integer 4)
                                            (IntegerConstant 9215 (Integer 4))
                                        )
                                        (IntegerConstant 1 (Integer 4)))
                                        [(Assert
                                            (RealCompare
                                                (ArrayItem
                                                    (Var 201 a)
                                                    [(()
                                                    (Var 201 i)
                                                    ())]
                                                    (Real 8)
                                                    RowMajor
                                                    ()
                                                )
                                                Eq
                                                (RealConstant
                                                    5.000000
                                                    (Real 8)
                                                )
                                                (Logical 4)
                                                ()
                                            )
                                            ()
                                        )]
                                    )]
                                    ()
                                    Public
                                    .false.
                                    .false.
                                    ()
                                )
                        })
                    __main__
                    [numpy]
                    .false.
                    .false.
                ),
            lpython_builtin:
                (IntrinsicModule lpython_builtin),
            main_program:
                (Program
                    (SymbolTable
                        206
                        {
                            __main__global_stmts:
                                (ExternalSymbol
                                    206
                                    __main__global_stmts
                                    2 __main__global_stmts
                                    __main__
                                    []
                                    __main__global_stmts
                                    Public
                                )
                        })
                    main_program
                    [__main__]
                    [(SubroutineCall
                        206 __main__global_stmts
                        2 __main__global_stmts
                        []
                        ()
                    )]
                ),
            numpy:
                (Module numpy)
        })
    []
)
