ld: warning: object file (test_assert_02.out.tmp.o) was built for newer macOS version (14.0) than being linked (13.3)
  File "tests/runtime_errors/test_assert_02.py", line 1
    def test():
  File "tests/runtime_errors/test_assert_02.py", line 4
    test()
  File "tests/runtime_errors/test_assert_02.py", line 2
    assert 1 != 1, "One is equal to one."
AssertionError: One is equal to one.
