ld: warning: object file (test_list_index2.out.tmp.o) was built for newer macOS version (14.0) than being linked (13.3)
ValueError: The list does not contain the element: 1
