ld: warning: object file (test_list_02.out.tmp.o) was built for newer macOS version (14.0) than being linked (13.3)
IndexError: List index is out of range. Index range is (0, 2), but the given index is 3
