ld: warning: object file (test_dict15.out.tmp.o) was built for newer macOS version (14.0) than being linked (13.3)
KeyError: The dict does not contain the specified key
